dataset/onlineshop/2021online_shop.csv
Date,Shopping Event,Ad Spend,Page Views,Unit Price,Sold Units,Revenue,Operational Cost,Profit
9/15/21,FALSE,1215.96538,11560,999,2318,2315682,1660221.44,655460.5604
9/16/21,FALSE,1331.08377,11685,999,2269,2266731,1635832.521,630898.4786
9/17/21,FALSE,1411.671773,11635,999,2290,2287710,1646412.974,641297.026
9/19/21,FALSE,1237.812184,11935,999,2420,2417580,1711248.349,706331.6505
9/20/21,FALSE,1408.349103,11743,999,2375,2372625,1688923.667,683701.3334
9/21/21,FALSE,1394.357559,11749,999,2361,2358639,1681897.622,676741.3775
9/23/21,FALSE,1446.378187,11708,999,2347,2344653,1674951.919,669701.0805
9/24/21,FALSE,1276.528588,11618,999,2296,2293704,1649286.195,644417.8047
9/25/21,FALSE,1294.56418,11679,999,2305,2302695,1653796.966,648898.034
9/26/21,FALSE,1279.347672,11731,999,2405,2402595,1703780.351,698814.6492
9/27/21,FALSE,1327.138401,11773,999,2324,2321676,1663336.526,658339.4737
9/28/21,FALSE,1348.467699,11800,999,2386,2383614,1694360.526,689253.4741
9/29/21,FALSE,1299.271826,11846,999,2414,2411586,1708303.462,703282.5385
9/30/21,FALSE,1446.715417,11834,999,2298,2295702,1650447.618,645254.3821
10/1/21,FALSE,1351.093902,11550,999,2319,2316681,1660863.168,655817.8323
10/2/21,FALSE,1260.57118,11834,999,2366,2363634,1684261.457,679372.543
10/3/21,FALSE,1266.676703,11683,981.7119377,2952,2898013.64,1977288.775,920724.8653
10/4/21,FALSE,1424.335446,11875,999,2319,2316681,1660934.502,655746.4978
10/5/21,FALSE,1239.276777,11495,999,2344,2341656,1673242.584,668413.4161
10/6/21,FALSE,1184.581918,11425,999,2291,2288709,1646698.166,642010.8343
10/7/21,FALSE,1123.753275,11501,999,2322,2319678,1662124.362,657553.6382
10/8/21,FALSE,1450.410739,11744,999,2342,2339658,1672470.47,667187.5303
10/9/21,FALSE,1467.41858,11886,999,2349,2346651,1675968.235,670682.7648
10/10/21,FALSE,1148.048073,11589,999,2277,2274723,1639648.84,635074.1598
10/11/21,FALSE,1233.789497,11772,999,2272,2269728,1637234.729,632493.2708
10/12/21,FALSE,1170.148828,11631,999,2256,2253744,1629174.144,624569.8561
10/13/21,FALSE,1146.359388,11649,999,2375,2372625,1688661.853,683963.1475
10/14/21,FALSE,1459.946697,11850,999,2441,2438559,1721962.875,716596.1247
10/15/21,FALSE,1122.750904,11824,999,2425,2422575,1713623.818,708951.1819
10/16/21,FALSE,1492.194265,11652,999,2241,2238759,1621997.129,616761.8711
10/17/21,FALSE,1138.580344,11701,999,2296,2293704,1649146.437,644557.5628
10/18/21,FALSE,1445.38826,11801,999,2323,2320677,1662950.932,657726.0683
10/19/21,FALSE,1326.602443,11872,999,2338,2335662,1670338.291,665323.7093
10/20/21,FALSE,1247.166995,11670,999,2381,2378619,1691756.589,686862.4105
10/21/21,FALSE,1236.936951,11779,999,2284,2281716,1643241.586,638474.4138
10/22/21,FALSE,1402.945657,11910,999,2379,2376621,1690904.19,685716.81
10/23/21,FALSE,1225.829318,11377,999,2243,2240757,1622736.361,618020.639
10/24/21,FALSE,1362.927567,11730,999,2434,2431566,1718368.7,713197.3
10/25/21,FALSE,1306.930433,11794,999,2307,2304693,1654818.902,649874.0983
10/26/21,FALSE,1293.986258,11817,999,2304,2301696,1653310.363,648385.6367
10/27/21,FALSE,1460.464868,11882,999,2433,2430567,1717986.811,712580.1891
10/29/21,FALSE,1430.744641,11777,999,2393,2390607,1697932.726,692674.2745
10/30/21,FALSE,1390.229414,11852,999,2369,2366631,1685892.405,680738.5948
10/31/21,FALSE,1115.422898,11705,999,2427,2424573,1714623.276,709949.724
11/1/21,FALSE,1409.244021,11955,999,2409,2406591,1705916.008,700674.9919
11/2/21,FALSE,1186.7481,11634,999,2278,2275722,1640197.32,635524.6798
11/3/21,FALSE,1461.259859,11657,999,2293,2290707,1647962.982,642744.0183
11/4/21,FALSE,1117.169676,11832,999,2317,2314683,1659629.264,655053.7365
11/5/21,FALSE,1233.228814,11715,999,2363,2360637,1682733.869,677903.1306
11/6/21,FALSE,1139.893179,11842,999,2304,2301696,1653150.531,648545.469
11/7/21,FALSE,1290.235647,11618,999,2318,2315682,1660291.028,655390.9725
11/8/21,FALSE,1428.008974,12039,999,2476,2473524,1739433.284,734090.7161
11/9/21,FALSE,1219.274944,11822,999,2358,2355642,1680223.877,675418.1229
11/10/21,FALSE,1160.373959,11812,999,2399,2396601,1700664.366,695936.6344
11/11/21,FALSE,1232.106814,11595,999,2330,2327670,1666232.849,661437.1514
11/12/21,FALSE,1425.552057,11678,999,2331,2328669,1666936.406,661732.5944
11/13/21,FALSE,1156.153583,11565,999,2324,2321676,1663166.847,658509.1529
11/14/21,FALSE,1190.94498,11649,999,2280,2277720,1641194.501,636525.4987
11/15/21,FALSE,1127.540786,11646,993.6799668,2965,2946261.102,1983638.236,962622.866
11/16/21,FALSE,1382.284018,11585,999,2316,2313684,1659408.599,654275.4012
11/17/21,FALSE,1258.093297,11881,999,2400,2397600,1701272.223,696327.777
11/18/21,FALSE,1224.335991,11500,999,2253,2250747,1627729.41,623017.5897
11/19/21,FALSE,1387.450556,11996,999,2388,2385612,1695409.087,690202.9128
11/20/21,FALSE,1234.391017,11715,999,2312,2309688,1657237.476,652450.5238
11/21/21,FALSE,1391.108509,11905,999,2497,2494503,1749892.99,744610.0104
11/22/21,FALSE,1426.079758,11816,999,2366,2363634,1684428.604,679205.3965
11/23/21,FALSE,1187.065137,11592,990.3048449,2985,2956059.962,1993700.701,962359.2615
11/24/21,FALSE,1489.527479,11745,999,2418,2415582,1710498.113,705083.8872
11/25/21,FALSE,1164.943179,11614,999,2361,2358639,1681673.009,676965.9912
11/26/21,FALSE,1216.336363,11884,999,2363,2360637,1682728.078,677908.9224
11/27/21,FALSE,1171.918116,11720,999,2333,2330667,1667681.399,662985.6014
11/28/21,FALSE,1238.202263,11880,999,2406,2403594,1704252.554,699341.4465
11/29/21,FALSE,1292.024355,11716,999,2306,2303694,1654295.936,649398.0636
11/30/21,FALSE,1308.870348,11827,999,2324,2321676,1663322.179,658353.8214
12/1/21,FALSE,1441.442417,11781,999,2399,2396601,1700951.331,695649.6692
12/2/21,FALSE,1455.779164,11787,999,2389,2386611,1695960.092,690650.9078
12/3/21,FALSE,1188.041544,11738,999,2366,2363634,1684205.412,679428.588
12/4/21,FALSE,1349.157613,11644,999,2266,2263734,1634361.062,629372.9378
12/5/21,FALSE,1144.598423,11559,999,2345,2342655,1673647.51,669007.4904
12/6/21,FALSE,1283.587944,11779,999,2429,2426571,1715787.794,710783.206
12/7/21,FALSE,1228.933415,11667,999,2444,2441556,1723246.707,718309.293
12/8/21,FALSE,1226.600298,11451,999,2278,2275722,1640227.681,635494.3192
12/9/21,FALSE,1293.033697,11673,999,2411,2408589,1706795.685,701793.3153
12/10/21,FALSE,1391.931054,11660,999,2344,2341656,1673396.526,668259.4743
12/11/21,FALSE,1127.673064,11504,999,2345,2342655,1673627.942,669027.0582
12/12/21,FALSE,1451.669335,11838,999,2267,2264733,1634962.526,629770.4736
12/13/21,FALSE,1393.92551,11891,999,2362,2359638,1682400.194,677237.8056
12/14/21,FALSE,1170.599756,11810,999,2326,2323674,1664184.589,659489.4107
12/16/21,FALSE,1302.52489,11659,999,2273,2270727,1637805.097,632921.9028
12/17/21,FALSE,1499.923431,11689,999,2229,2226771,1616010.118,610760.8817
12/18/21,FALSE,1178.90379,11616,999,2245,2242755,1623695.332,619059.6681
12/19/21,FALSE,1313.963279,11872,999,2392,2389608,1697318.381,692289.6195
12/20/21,FALSE,1216.099217,11674,999,2263,2260737,1632717.942,628019.0576
12/21/21,FALSE,1221.669423,11857,999,2322,2319678,1662223.88,657454.1197
12/22/21,FALSE,1336.426152,11822,999,2347,2344653,1674844.694,669808.3057
12/23/21,FALSE,1468.687627,11959,999,2415,2412585,1708973.152,703611.8481
12/24/21,FALSE,1422.105542,11833,999,2420,2417580,1711433.542,706146.4577
12/25/21,FALSE,1389.576559,11792,999,2374,2371626,1688390.599,683235.4008
12/26/21,FALSE,1323.669513,11719,999,2293,2290707,1647826.359,642880.6413
12/27/21,FALSE,1468.919401,11910,999,2366,2363634,1684473.215,679160.7851
12/28/21,FALSE,1296.944563,11708,999,2241,2238759,1621810.493,616948.5068
12/29/21,FALSE,1449.532871,11758,999,2298,2295702,1650454.744,645247.2561
12/30/21,FALSE,1433.592658,11636,999,2316,2313684,1659452.424,654231.5757
12/31/21,FALSE,1185.534139,11588,999,2319,2316681,1660686.883,655994.1174
1/7/21,TRUE,2785.152912,19233,912.4881881,5813,5304293.837,3409292.086,1895001.751
1/27/21,TRUE,2148.140861,20194,975.4071845,5266,5136494.234,3135162.4,2001331.833
2/15/21,TRUE,2407.241171,21467,817.613428,6772,5536878.135,3888408.174,1648469.961
3/20/21,TRUE,2373.813138,17455,989.1786221,4750,4698598.455,2877377.207,1821221.248
4/1/21,TRUE,2959.433341,21790,914.9380619,6293,5757705.224,3649459.437,2108245.787
4/17/21,TRUE,2458.603962,20806,833.4618649,6466,5389164.419,3735468.907,1653695.512
5/1/21,TRUE,2590.984165,19557,909.2820538,5846,5315662.887,3425596.355,1890066.532
5/22/21,TRUE,2401.259501,19355,838.9345668,6498,5451396.815,3751404.363,1699992.452
8/8/21,TRUE,2994.40079,21716,965.5177036,5960,5754485.513,3482996.759,2271488.754
8/29/21,TRUE,2505.866384,20892,860.1931181,6128,5271263.428,3566516.554,1704746.874
9/3/21,TRUE,2333.507466,19281,998.9862294,5210,5204718.255,3107342.039,2097376.216
9/18/21,TRUE,2879.234763,20719,942.4370481,6015,5668758.844,3510381.506,2158377.338
9/22/21,TRUE,2710.336829,19367,961.1392692,5572,5355468.008,3288725.005,2066743.003
10/28/21,TRUE,2886.960781,20146,875.9259632,6166,5400959.489,3585902.825,1815056.664
12/15/21,TRUE,2238.413281,22050,904.2214249,6866,6208384.303,3935251.451,2273132.852
